\BOOKMARK [0][-]{section*.1}{Introduction \(by Bertrand Russell\)}{}
\BOOKMARK [0][-]{section*.3}{Dedication page}{}
\BOOKMARK [0][-]{section*.4}{Preface}{}
\BOOKMARK [0][-]{section*.6}{Tractatus Logico-Philosophicus}{}
\BOOKMARK [0][-]{section*.8}{Index}{}
\BOOKMARK [0][-]{section*.10}{Edition notes}{}
