\BOOKMARK [0][-]{section*.1}{Contents}{}
\BOOKMARK [0][-]{section*.3}{Preface}{}
\BOOKMARK [0][-]{section*.5}{Editor's Note}{}
\BOOKMARK [0][-]{chapter.1}{I The Series of Natural Numbers}{}
\BOOKMARK [0][-]{chapter.2}{II Definition of Number}{}
\BOOKMARK [0][-]{chapter.3}{III Finitude and Mathematical Induction}{}
\BOOKMARK [0][-]{chapter.4}{IV The Definition of Order}{}
\BOOKMARK [0][-]{chapter.5}{V Kinds of Relations}{}
\BOOKMARK [0][-]{chapter.6}{VI Similarity of Relations}{}
\BOOKMARK [0][-]{chapter.7}{VII Rational, Real, and Complex Numbers}{}
\BOOKMARK [0][-]{chapter.8}{VIII Infinite Cardinal Numbers}{}
\BOOKMARK [0][-]{chapter.9}{IX Infinite Series and Ordinals}{}
\BOOKMARK [0][-]{chapter.10}{X Limits and Continuity}{}
\BOOKMARK [0][-]{chapter.11}{XI Limits and Continuity of Functions}{}
\BOOKMARK [0][-]{chapter.12}{XII Selections and the Multiplicative Axiom}{}
\BOOKMARK [0][-]{chapter.13}{XIII The Axiom of Infinity and Logical Types}{}
\BOOKMARK [0][-]{chapter.14}{XIV Incompatibility and the Theory of Deduction}{}
\BOOKMARK [0][-]{chapter.15}{XV Propositional Functions}{}
\BOOKMARK [0][-]{chapter.16}{XVI Descriptions}{}
\BOOKMARK [0][-]{chapter.17}{XVII Classes}{}
\BOOKMARK [0][-]{chapter.18}{XVIII Mathematics and Logic}{}
\BOOKMARK [0][-]{section*.55}{Index}{}
\BOOKMARK [0][-]{section*.59}{Appendix: Changes to Online Edition}{}
